{
  "digits": 100,
  "interval_certified": false,
  "method": "Independent scalar quadrature; not a substitute for the analytic integral inequality.",
  "rows": [
    {
      "log_mu": "3.91202300542814605861875078791",
      "delta": "0.0117624779148021116986093301572",
      "integral_over_lambda_quadrature": "1.9365435863082901807799927848895551792083848164289",
      "integral_over_lambda_e1": "1.9365435863082901807799927848895551792083848164289",
      "quadrature_minus_e1": "1.4287342391028437278e-101",
      "bound_over_lambda": "2.4053600464188566944028271132453233280801474964941",
      "actual_over_bound": "0.8050950996676988575261575654988146433186"
    },
    {
      "log_mu": "6.90775527898213705205397436405",
      "delta": "0.0207698980290103219412621376736",
      "integral_over_lambda_quadrature": "1.6587831173306362963883928463585807251109445470288",
      "integral_over_lambda_e1": "1.6587831173306362963883928463585807251109445470288",
      "quadrature_minus_e1": "1.4287342391028437278e-101",
      "bound_over_lambda": "2.1210649959050467630868451770162138753822847178814",
      "actual_over_bound": "0.7820519977148756194955467764009204064361"
    },
    {
      "log_mu": "13.8155105579642741041079487281",
      "delta": "0.0257821644162898712106970380319",
      "integral_over_lambda_quadrature": "1.5532367625902691477901634823569531473530667042555",
      "integral_over_lambda_e1": "1.5532367625902691477901634823569531473530667042555",
      "quadrature_minus_e1": "-1.4287342391028437278e-101",
      "bound_over_lambda": "2.0129758844896979510677248503107681775138204689704",
      "actual_over_bound": "0.7716122058680421983424694224040368475076"
    },
    {
      "log_mu": "27.6310211159285482082158974562",
      "delta": "0.0276868330308386395951073147606",
      "integral_over_lambda_quadrature": "1.5185395107960424787268296197768335742079003616599",
      "integral_over_lambda_e1": "1.5185395107960424787268296197768335742079003616599",
      "quadrature_minus_e1": "-1.4287342391028437278e-101",
      "bound_over_lambda": "1.9773388809090083672638960520462354872487637399694",
      "actual_over_bound": "0.7679712999412372558323001021220223826625"
    },
    {
      "log_mu": "1000.0",
      "delta": "0.0298296193162128236148829837173",
      "integral_over_lambda_quadrature": "1.4823232057801409605695348111391916274610794558131",
      "integral_over_lambda_e1": "1.4823232057801409605695348111391916274610794558131",
      "quadrature_minus_e1": "-1.4287342391028437278e-101",
      "bound_over_lambda": "1.9400664417423296625646970448591160642635426825701",
      "actual_over_bound": "0.7640579589887138683275495676216765373337"
    },
    {
      "log_mu": "1000000.0",
      "delta": "0.0298953003265678723771423180697",
      "integral_over_lambda_quadrature": "1.4812558349508515134701422430330577069813518774053",
      "integral_over_lambda_e1": "1.4812558349508515134701422430330577069813518774053",
      "quadrature_minus_e1": "0.0",
      "bound_over_lambda": "1.9389667159122067134618734353690613871381132255461",
      "actual_over_bound": "0.7639408262116451870666945259014549515714"
    }
  ]
}
