BEGIN parity 0 seconds 0.014054749975912273
LOAD exact 0 A
LOAD exact 0 B
LOAD exact 0 J
LOAD exact 0 X
LOAD exact 0 W0
LOAD exact 0 Y
LOAD exact 0 ZC
LOAD exact 0 ZW
LOAD exact 0 ZT
SOURCE PASS 0 A ratio [8.495344202020572971382650893485860218854e-32 +/- 4.66e-72]
SOURCE PASS 0 B ratio [8.555136616783082448115652676039482277327e-32 +/- 2.04e-72]
SOURCE PASS 0 J ratio [0.001953125000000000000000000000000000000000 +/- 1e-47]
NEGATIVE PASS: J[7,7]+2^-200 -> E_SOURCE_J
C/W PASS parity 0
PASS parity 0 T lower [2.397936922673731848816091935546854094839e-70 +/- 3.33e-110] paid [1.999233817629346816593239213561722480759e-24 +/- 2.55e-64]
BEGIN parity 1 seconds 84.62882075004745
LOAD exact 1 A
LOAD exact 1 B
LOAD exact 1 J
LOAD exact 1 X
LOAD exact 1 W0
LOAD exact 1 Y
LOAD exact 1 ZC
LOAD exact 1 ZW
LOAD exact 1 ZT
SOURCE PASS 1 A ratio [8.453418701635082726915176388590481995241e-32 +/- 4.71e-72]
SOURCE PASS 1 B ratio [8.479343160114476843560357602743335373866e-32 +/- 1.93e-72]
SOURCE PASS 1 J ratio [0.001953125000000000000000000000000000000000 +/- 1e-47]
C/W PASS parity 1
PASS parity 1 T lower [3.945800589825846169816290185989371293729e-66 +/- 1.19e-106] paid [1.214971836335300244128047699323379490689e-28 +/- 1.61e-68]
COMPLETE 173.2050230000168 seconds 3048734720 bytes RSS
