PRIME CELL 1 16/15 1.2823189169866964
PRIME CELL 16/15 5/3 1.434723834041506
PRIME CELL 5/3 49/15 1.5851874169893563
PRIME CELL 49/15 15/4 1.748746791970916
PRIME CELL 15/4 64/15 1.8995174170704558
PRIME CELL 64/15 27/5 2.056597042013891
PRIME CELL 27/5 121/15 2.220525167067535
PRIME CELL 121/15 169/15 2.387804541969672
PRIME CELL 169/15 15 2.5427821669727564
PRIME13 A [-0.08605538580343431816166675952072011933143 +/- 2.54e-43]
PRIME13 B [-0.6986992278734776833018841269608104352855 +/- 2.10e-41]
FREQUENCY PANEL 0 0.5000000000000000000000000000000000000000 2.8605779169593006
FREQUENCY PANEL 0.5000000000000000000000000000000000000000 1.000000000000000000000000000000000000000 3.138265334069729
FREQUENCY PANEL 1.000000000000000000000000000000000000000 2.000000000000000000000000000000000000000 3.4414663340430707
FREQUENCY PANEL 2.000000000000000000000000000000000000000 4.000000000000000000000000000000000000000 3.745976833975874
FREQUENCY PANEL 4.000000000000000000000000000000000000000 8.000000000000000000000000000000000000000 4.066814374993555
FREQUENCY PANEL 8.000000000000000000000000000000000000000 16.00000000000000000000000000000000000000 4.412045584060252
FREQUENCY PANEL 16.00000000000000000000000000000000000000 32.00000000000000000000000000000000000000 4.797144000069238
FREQUENCY PANEL 32.00000000000000000000000000000000000000 64.00000000000000000000000000000000000000 5.224281542003155
FREQUENCY PANEL 64.00000000000000000000000000000000000000 128.0000000000000000000000000000000000000 5.727445667027496
FREQUENCY PANEL 128.0000000000000000000000000000000000000 192.0000000000000000000000000000000000000 6.306122542009689
FREQUENCY PANEL 192.0000000000000000000000000000000000000 256.0000000000000000000000000000000000000 6.95254249998834
FREQUENCY PANEL 256.0000000000000000000000000000000000000 320.0000000000000000000000000000000000000 7.659336667042226
FREQUENCY PANEL 320.0000000000000000000000000000000000000 384.0000000000000000000000000000000000000 8.433365709031932
FREQUENCY PANEL 384.0000000000000000000000000000000000000 448.0000000000000000000000000000000000000 9.248902874998748
FREQUENCY PANEL 448.0000000000000000000000000000000000000 512.0000000000000000000000000000000000000 10.113491625059396
FREQUENCY PANEL 512.0000000000000000000000000000000000000 576.0000000000000000000000000000000000000 11.026768250041641
FREQUENCY PANEL 576.0000000000000000000000000000000000000 640.0000000000000000000000000000000000000 11.982031167019159
FREQUENCY PANEL 640.0000000000000000000000000000000000000 704.0000000000000000000000000000000000000 12.994989459053613
FREQUENCY PANEL 704.0000000000000000000000000000000000000 736.0000000000000000000000000000000000000 14.044429374975152
ENTRY PASS 0 A 7 4 own [-0.02683342566811425708459108175668557811115 +/- 3.90e-42] source [-0.02683342566811425708459108175668557811115 +/- 3.90e-42] difference [+/- 3.17e-696] ratio [1.000000000000000000000000000000000000000 +/- 1e-44]
ENTRY PASS 0 A 400 401 own [-0.09040246842939596147822979494213438513487 +/- 1.41e-42] source [-0.09040246842939596147822979494213438513487 +/- 1.41e-42] difference [+/- 8.80e-695] ratio [1.000000000000000000000000000000000000000 +/- 3e-45]
ENTRY PASS 0 B 7 4 own [-0.3250443168526900301559583207440981077957 +/- 1.72e-41] source [-0.3250443168526900301559583207440981077957 +/- 1.72e-41] difference [+/- 2.08e-695] ratio [1.000000000000000000000000000000000000000 +/- 1e-44]
ENTRY PASS 0 B 400 401 own [-0.2642416286329704417652250606872132562178 +/- 1.35e-41] source [-0.2642416286329704417652250606872132562178 +/- 1.35e-41] difference [+/- 9.11e-695] ratio [1.000000000000000000000000000000000000000 +/- 3e-45]
ENTRY PASS 0 J 7 4 own [0.1537930772644296049494967519362147298279 +/- 1.84e-41] source [0.1537930772644296049494967519362147298279 +/- 1.84e-41] difference [+/- 8.82e-265] ratio [1.000000000000000000000000000000000000000 +/- 1e-44]
ENTRY PASS 0 J 400 401 own [0.008378678051174975378966004924438779263326 +/- 2.18e-43] source [0.008378678051174975378966004924438779263326 +/- 2.18e-43] difference [+/- 6.17e-266] ratio [1.000000000000000000000000000000000000000 +/- 3e-45]
ENTRY PASS 1 A 3 0 own [0.02650692756510262271542339337613385425743 +/- 3.40e-43] source [0.02650692756510262271542339337613385425743 +/- 3.40e-43] difference [+/- 1.44e-696] ratio [1.000000000000000000000000000000000000000 +/- 3e-45]
ENTRY PASS 1 B 3 0 own [0.5146780759919185280766924355877833980037 +/- 6.16e-42] source [0.5146780759919185280766924355877833980037 +/- 6.16e-42] difference [+/- 2.35e-694] ratio [1.000000000000000000000000000000000000000 +/- 1e-44]
ENTRY PASS 1 J 3 0 own [0.1220856124050038176835436002763212876326 +/- 3.98e-41] source [0.1220856124050038176835436002763212876326 +/- 3.98e-41] difference [+/- 4.84e-265] ratio [1.000000000000000000000000000000000000000 +/- 3e-45]
ENTRY PASS 1 J 400 401 own [0.008087670457125124768924476666736921934487 +/- 2.96e-43] source [0.008087670457125124768924476666736921934487 +/- 2.96e-43] difference [+/- 7.87e-266] ratio [1.000000000000000000000000000000000000000 +/- 3e-45]
COMPLETE 10 entries 24.750123459030874 seconds 1847934976 bytes RSS
