prime_norm {"value": "3.5555798970162868499755859375000000000000000000000000000000000000000000000000000000000000000000", "comparison": "3.5625000000000000000000000000000000000000000000000000000000000000000000000000000000000000000000", "ratio": "[0.99805751495194016841419956140350877192982456140350877192982456140350877192982456140350877192982 +/- 4.92e-96]"}
C_lower {"value": "[0.1279043476980716457328347298911200116138198231320704075419886310110552314722091158855585473045 +/- 2.36e-95]", "comparison": "0.12500000000000000000000000000000000000000000000000000000000000000000000000000000000000000000000", "ratio": "[1.0232347815845731658626778391289600929105585850565632603359090480884418517776729270844683784361 +/- 8.82e-95]"}
d_vs_delta {"value": "[1.44217625304020288187622681255274067670210419594214333579232532627168467588512942371210288453e-456 +/- 1.94e-549]", "comparison": "[8.7007475735373103618405204083718461460208023296093211954910289102154671337056076909637484555519e-457 +/- 4.45e-552]", "ratio": "[1.65753142572079306186374235240844570584504487705800055595628400741764809348948702381545352520 +/- 3.80e-93]"}
d_vs_upper {"value": "[1.44217625304020288187622681255274067670210419594214333579232532627168467588512942371210288453e-456 +/- 1.94e-549]", "comparison": "[1.7401495147074620723681040816743692292041604659218642390982057820430934267411215381927496911104e-456 +/- 2.89e-551]", "ratio": "[0.828765712860396530931871176204222852922522438529000277978142003708824046744743511907726762601 +/- 8.99e-94]"}
207E0_vs_C {"value": "[0.12772811481581208576696277632078266873435853569105768295618653175902223195796772381838947935052 +/- 9.78e-97]", "comparison": "[0.1279043476980716457328347298911200116138198231320704075419886310110552314722091158855585473045 +/- 2.36e-95]", "ratio": "[0.998622150963346674829715006110073705249078000417931309663946944982836244222046955054928893114 +/- 2.01e-94]"}
68E1_vs_C {"value": "[0.12612036741900050269517662146972017789277883099080135215956823911288760846290305666170787400056 +/- 2.69e-96]", "comparison": "[0.1279043476980716457328347298911200116138198231320704075419886310110552314722091158855585473045 +/- 2.36e-95]", "ratio": "[0.986052231130701124108272546052759301749816808179591437234283628773974251778668383076403302522 +/- 1.99e-94]"}
e0_lower_vs_delta {"value": "[0.00061466098214811083104375517489977599128031850622606651712633926552736592871525223177366463212170 +/- 4.90e-99]", "comparison": "[8.7007475735373103618405204083718461460208023296093211954910289102154671337056076909637484555519e-457 +/- 4.45e-552]", "ratio": "[7.0644617253068852614260721617297466823763613628051835068811571183163048992354812994160422999498e+452 +/- 6.02e+357]"}
e1_lower_vs_delta {"value": "[0.0018404083702765560892116607774781030568892699759081856824584793632860290563348109573409873709931 +/- 5.35e-98]", "comparison": "[8.7007475735373103618405204083718461460208023296093211954910289102154671337056076909637484555519e-457 +/- 4.45e-552]", "ratio": "[2.1152301623759595316091350098118801483297421907175882690781676582341477740646427428979988756876e+453 +/- 4.19e+358]"}
e_vs_budget {"value": "[2.07568844083457648789039754373383734839900471523305564599643000720996658015686336453053878941e-94 +/- 7.45e-187]", "comparison": "[2.3970182936024055435037948998956424037964919494626218579646235923765162376570878205371571699401e-94 +/- 3.50e-190]", "ratio": "[0.86594601567061374432130617689152966961434085433307713722935222587844679045795781326607434199 +/- 3.25e-93]"}
n_vs_budget {"value": "[1.26566857882546483021240426581110340739661718648261410108606663456368652130536279755723351676e-191 +/- 5.55e-284]", "comparison": "[1.4027579833653779454417235885703173328837175821593834388944669493699934408419422324954541386661e-191 +/- 4.91e-286]", "ratio": "[0.90227152070022809896807077945561117499432000493964544108881743107393241977482720166282488721 +/- 4.34e-93]"}
h_vs_budget {"value": "[3.8157087581580845440801007194394613496449377972222856675047727393083527636897014467946544226e-190 +/- 2.03e-282]", "comparison": "[4.4888255467692094254135154834250154652278962629100270044622942379839790106942151439854532437314e-190 +/- 3.72e-285]", "ratio": "[0.85004612418150345585371978645218517887334215421863372375114503549507381250266777078807976590 +/- 6.70e-93]"}
Jquad_vs_budget {"value": "[5.4469957649811006532648291513825820375202463278847107520762640117052732779571809681864696994272e-80 +/- 6.20e-175]", "comparison": "[6.7470066836675348635830873928128121649343752847158448320497683360692123462206461390402402370877e-80 +/- 2.52e-175]", "ratio": "[0.80732034520828800204085459599706406558767854351394946392330117020955542074024873521837499156054 +/- 6.31e-96]"}
delta_perturbation_vs_budget {"value": "[7.93196939172111585031924746904007372186157307768178834685778929449426571736821183041656586491e-454 +/- 6.77e-547]", "comparison": "[1.7819131030604411621049385796345540907050603171039889808365627208121276689829084551093756836970e-453 +/- 2.01e-548]", "ratio": "[0.445137834055877042980985495031565008893932950381787258679666115273294165732039972216064179132 +/- 8.19e-94]"}
L [1.2424533248940001551148547399194394203992454132716299799880271763121407685789991990426712044033 +/- 1.65e-95]
c [516.86058315590406452777957180648679888608609192099807167501930534585055972886366680175122103177 +/- 4.04e-93]
H0 [9.4346834192256655822329574974497422890145392516235538431689026309910945657146793968521777272276 +/- 3.90e-95]
K0 [1249.3116502271885463860955820416857982579600987088262216196030908952874485063775747621990181483 +/- 2.14e-92]
r [1.00652508800990631346587772747396615498031374032734785563222275128045015455790699035604330492e-97 +/- 1.58e-190]
qN [2.41395444871936846012957236479470202076263185546352506156389306420410860257754864973928877237e-2242 +/- 2.62e-2335]
Hp [1.8904439425804362990767340033069047318180516705547200365685852682771447855992381608310385533580 +/- 4.42e-95]
epsilon_band [3.5977514960245050549965846442421281621666091993954496380952866655913297740800402695902747692635e-83 +/- 2.51e-178]
epsilon_K [3.9575266456269555604962431086663409783832701193349946019048153321504627514880442965493022461899e-80 +/- 4.03e-175]
epsilon_U [1.4894691193541450927685860427162410591369762085497161501714486795548105264691366716371674532373e-80 +/- 1.46e-175]
epsilon_pole [4.3998127092325104671503437698668304605514621366900194515886455037232792137442410851800044722483e-2493 +/- 5.23e-2588]
minus_log2_d [1514.2709637768405654205472355180176458311953365183887378982955921930036718419268181953671972392 +/- 2.58e-92]
minus_log2_Jquad [263.30878684550021058114834170114822487234540545568739846439739334202509838912588563102813954779 +/- 4.32e-93]
tau [1.0875934466921637952300650510464807682526002912011651494363786137769333917132009613704685569440e-457 +/- 1.81e-552]
block_payment_over_2^-303 0.912353515625
COMPLETE independent scalar gates
