analytic prime integrals completed 0.01122587500140071
frequency panel 0.0 0.5 0.16740000003483146
frequency panel 0.5 1.0 0.2747020829701796
frequency panel 1.0 2.0 0.385517125017941
frequency panel 2.0 4.0 0.5034137910697609
frequency panel 4.0 8.0 0.6311987909721211
frequency panel 8.0 16.0 0.772830415982753
frequency panel 16.0 32.0 0.9327218750258908
frequency panel 32.0 64.0 1.1183265830622986
frequency panel 64.0 128.0 1.341187541023828
frequency panel 128.0 256.0 1.6246526660397649
frequency panel 256.0 416.0 1.980959999957122
0 A 1 1 PASS [+/- 5.37e-382]
0 A 5 3 PASS [+/- 7.40e-377]
0 B 1 1 PASS [+/- 7.90e-381]
0 B 5 3 PASS [+/- 1.37e-372]
J comparison 0 1 1 own [-4.5193014088204442479828741222659749346346554695148432318404515618086511312006387871938268056672245140943048693933379421283445805921408721805203771357703671526153912 +/- 5.73e-164] source [-4.51930140882044424798287412226597493463465546951484323184045156180865113120063878719382680566722451409430486939333794212834458059214087218052037713577036715292783139258784776473805363962885157382840770295971943370260666450147451021436509072191887547169794646551485817299915280573288296844501351052209555381222311968127818872293984047527915825716330724858456 +/- 5.16e-357] difference [3.124402e-157 +/- 4.99e-164] bound [1.30937398196661073395789162292850529748467634850034405593672012702956494435890388676884545868337859209246415552260984135235398907947918172841883555912007158535127795258866274637193336878753938711982602606614650119932972847382398178558979040010041080722236375256508311280029157821613327202011606640255079666866975017566300707704744490053075585832468482708099200131496138018937844299048e-82 +/- 2.91e-466]
0 J 1 1 PASS [3.124402e-157 +/- 4.99e-164]
J comparison 0 5 3 own [0.2327767941789744750685887235635251949874241182004049743565624083003966789212958540126103378209923343832878901896380531429787153038687643166076160061546684080776438 +/- 4.68e-164] source [0.2327767941789744750685887235635251949874241182004049743565624083003966789212958540126103378209923343832878901896380531429787153038687643166076160061546684085796700488271849279408005001504270048856540864805767138564488539538351159795148155817275913986960088854779203434022587111066512699200167457578770010841714082066493825182575527089546897520933142410222 +/- 3.92e-356] difference [-5.020262e-157 +/- 6.66e-164] bound [1.30937398196661073395789162292850529748467634850034405593672012702956494435890388676884545868337859209246415552260984135235398907947918172841883555912007158535127795258866274637193336878753938711982602606614650119932972847382398178558979040010041080722236375256508311280029157821613327202011606640255079666866975017566300707704744490053075585832468482708099200131496138018937844299048e-82 +/- 2.91e-466]
0 J 5 3 PASS [-5.020262e-157 +/- 6.66e-164]
1 A 2 0 PASS [+/- 8.85e-382]
1 B 2 0 PASS [+/- 1.21e-379]
J comparison 1 2 0 own [0.2013965839064544601471612525499269503429575566392548234546719895737200959281679896176791918538209400819131399549294616955548593195683861267059644872509169734130041 +/- 2.28e-164] source [0.20139658390645446014716125254992695034295755663925482345467198957372009592816798961767919185382094008191313995492946169555485931956838612670596448725091697365201140183432135253619724946876503928136505680157720670393690026985945715300434462898179295274294579821115741962897699338683247170908769560708090497078492232624081948160531614508454308955133503610497 +/- 3.90e-357] difference [-2.390073e-157 +/- 2.10e-164] bound [1.06894731949189621345571601449117077126225889481269831779246108124738591230357014798301291327318355089961944996971688456461580013656255410343094011810350038225362410300295313086408110535158085360555214422973042244850446603353119574067065366960460878314763026387075366168488506324998687051261986937082657227646357273555211647192834112823234922992619149937263497640929145913499085974697e-82 +/- 4.64e-466]
1 J 2 0 PASS [-2.390073e-157 +/- 2.10e-164]
COMPLETE 3.7490024160360917 541622272
