{
  "certified": true,
  "arb_bits": 256,
  "beta": 4,
  "smoothing_power": 2,
  "d": "c^2",
  "R": "c^3",
  "mu_min": 50,
  "mu_max": 10000,
  "mu_max_is_optimal": false,
  "log_power": 4,
  "ZC_upper": "125363711220",
  "derived_CP_upper": "603317800634135",
  "CP_upper": "603400000000000",
  "CE_upper": "143400000000000000000000",
  "frequency_A_upper": "143095.983379",
  "frequency_C_upper": "956907.513841",
  "frequency_ga_upper": "2461766.308004",
  "checks_upper": {
    "endpoint_coeff": "2.842772280",
    "near_integral_coefficient": "320.391016608",
    "K_over_R2Z_at_50": "0.000032283"
  },
  "rows": [
    {
      "mu": 50,
      "J2_B_upper": "11154640570489",
      "qnorm_B_upper": "1918556708242",
      "log10_K_upper": "22.774844",
      "low_Q_upper": "92640800758613776",
      "low_boundary_upper": "2350428931",
      "high_zeros_upper": "1198117",
      "direct_P_upper": "92640803110240824",
      "P_tilde_upper": "141322368091616884"
    },
    {
      "mu": 100,
      "J2_B_upper": "14006112796471",
      "qnorm_B_upper": "2658662494560",
      "log10_K_upper": "23.977316",
      "low_Q_upper": "151124720907578599",
      "low_boundary_upper": "821296478",
      "high_zeros_upper": "26774247",
      "direct_P_upper": "151124721755649324",
      "P_tilde_upper": "271386377031806165"
    },
    {
      "mu": 1000,
      "J2_B_upper": "25805805556289",
      "qnorm_B_upper": "5981990612759",
      "log10_K_upper": "27.975499",
      "low_Q_upper": "536447287991118227",
      "low_boundary_upper": "20242378",
      "high_zeros_upper": "832029702930",
      "direct_P_upper": "536448120041063533",
      "P_tilde_upper": "1373893533723518706"
    },
    {
      "mu": 10000,
      "J2_B_upper": "41183136839783",
      "qnorm_B_upper": "10634649978239",
      "log10_K_upper": "31.975250",
      "low_Q_upper": "1375015371417311944",
      "low_boundary_upper": "404602",
      "high_zeros_upper": "26185468242271762",
      "direct_P_upper": "1401200839659988307",
      "P_tilde_upper": "4342182032508898626"
    }
  ],
  "limitation": "Constants are conservative. High zero sum is absorbed into the logarithmic envelope on the stated finite interval, not asserted < B."
}
