{
  "arb_bits": 320,
  "mu_star_interval": "[2295.4114828658608209205017663443155974697542205981475680557220531610568235119886570712864307065 +/- 6.62e-92]",
  "q_double": 5,
  "CP_simple": "520000000000000",
  "CE_simple": "124000000000000000000000",
  "CP_raw_upper": "510686101486395",
  "E_conversion_upper": "237522697",
  "global_improvement_factor_interval": "[0.83102850079730080089218199883471439361460455767388584270117118833646893570963879717290265345584 +/- 9.59e-96]",
  "global_improvement_factor_upper": "0.831028501",
  "constants": {
    "CL_upper": "395545739509246",
    "Cm_upper": "496386197282357",
    "Ct3_upper": "11498327513",
    "Cb1_upper": "3492549",
    "K4_upper": "6112851782815",
    "alpha0_upper": "7.624762343",
    "j0_upper": "2.405360047"
  },
  "rounding_comparisons": {
    "CL": {
      "exact_interval": "[395545739509245.28221335551998992644609140324989227860951795624602418661680590523575385480933510 +/- 8.48e-81]",
      "upper": "395545739509246.00000000000000000000000000000000000000000000000000000000000000000000000000000000",
      "gap_interval": "[0.71778664448001007355390859675010772139048204375397581338319409476424614519066490 +/- 8.48e-81]",
      "ratio_interval": "[0.9999999999999981853258099289131744205999014159509406649191675812155827641015103324528976371423 +/- 4.14e-95]"
    },
    "Cm": {
      "exact_interval": "[496386197282356.8236731561040811965837780318050375908883623634996982536181549957188041494006262 +/- 3.03e-80]",
      "upper": "496386197282357.00000000000000000000000000000000000000000000000000000000000000000000000000000000",
      "gap_interval": "[0.1763268438959188034162219681949624091116376365003017463818450042811958505993738 +/- 3.03e-80]",
      "ratio_interval": "[0.9999999999999996447789143588542544871670173995683714720061743295754983553240235035985984441477 +/- 5.28e-95]"
    },
    "Ct3": {
      "exact_interval": "[11498327512.198552360474745782974835516341921332284861265841184643585117492882253938447287760878 +/- 7.94e-85]",
      "upper": "11498327513.000000000000000000000000000000000000000000000000000000000000000000000000000000000000",
      "gap_interval": "[0.801447639525254217025164483658078667715138734158815356414882507117746061552712239122 +/- 7.94e-85]",
      "ratio_interval": "[0.999999999930298764005535748647172450421913924159838050513284648303191665478371727299335951771 +/- 1.16e-94]"
    },
    "Cb1": {
      "exact_interval": "[3492548.0757013287042450568328034832901709463498913255769352528439198981308213738936893340995310 +/- 5.42e-89]",
      "upper": "3492549.0000000000000000000000000000000000000000000000000000000000000000000000000000000000000000",
      "gap_interval": "[0.9242986712957549431671965167098290536501086744230647471560801018691786261063106659004690 +/- 5.42e-89]",
      "ratio_interval": "[0.9999997353512659963382208332090640074544255069553284941557735750936917795058491358859486579948 +/- 3.08e-95]"
    },
    "K4": {
      "exact_interval": "[6112851782814.960101242323506394529473825196191462947953777592227691663318853281936881654287198 +/- 4.15e-82]",
      "upper": "6112851782815.0000000000000000000000000000000000000000000000000000000000000000000000000000000000",
      "gap_interval": "[0.039898757676493605470526174803808537052046222407772308336681146718063118345712802 +/- 4.15e-82]",
      "ratio_interval": "[0.9999999999999934729715206475985744988626583347591923358283138025530466836652884657975245812320 +/- 3.88e-95]"
    },
    "CP": {
      "exact_interval": "[510686101486394.35627850541091539726867750866414390849650149747029849937720673343790245704292890 +/- 2.12e-81]",
      "upper": "510686101486395.00000000000000000000000000000000000000000000000000000000000000000000000000000000",
      "gap_interval": "[0.64372149458908460273132249133585609150349850252970150062279326656209754295707110 +/- 2.12e-81]",
      "ratio_interval": "[0.99999999999999873949674229339928579900701673479829166484263176760584580429395329857019082700834 +/- 4.99e-96]"
    },
    "CP_simple": {
      "exact_interval": "510686101486395.00000000000000000000000000000000000000000000000000000000000000000000000000000000",
      "upper": "520000000000000.00000000000000000000000000000000000000000000000000000000000000000000000000000000",
      "gap_interval": "9313898513605.0000000000000000000000000000000000000000000000000000000000000000000000000000000000",
      "ratio_interval": "[0.98208865670460576923076923076923076923076923076923076923076923076923076923076923076923076923077 +/- 1.49e-96]"
    },
    "CE_simple": {
      "exact_interval": "123511802440000000000000.00000000000000000000000000000000000000000000000000000000000000000000000",
      "upper": "124000000000000000000000.00000000000000000000000000000000000000000000000000000000000000000000000",
      "gap_interval": "488197560000000000000.00000000000000000000000000000000000000000000000000000000000000000000000000",
      "ratio_interval": "[0.99606292290322580645161290322580645161290322580645161290322580645161290322580645161290322580645 +/- 1.68e-96]"
    }
  },
  "rows": [
    {
      "mu": "50",
      "T_upper": "3000000000000",
      "middle_nonempty": false,
      "low_upper": "92640803109042707",
      "middle_upper": "0",
      "tail_Q_upper": "1095877",
      "tail_b_upper": "996",
      "P_double_upper": "92640803110139579",
      "P_double_lower": "92640803110139578",
      "global_envelope_upper": "3368956056206445470",
      "P_thmFa_formal_upper": "141322368091616884",
      "P_thmFa_valid": true,
      "P_paperII_upper": "111737172034844636",
      "P_double_over_thmFa_upper": "0.655528239168",
      "P_double_over_paperII_interval": "[0.8290956485031681550328882691783561688995575153079104829255828764511834136997510528849396954996 +/- 5.91e-95]",
      "E_refined_over_paperII_interval": "[0.8298198304492004753735007810350121772339649138708992661672158914780740026582041967550159702819 +/- 5.49e-95]",
      "E_simple_over_paperII_interval": "[30.296333272877812753785750713949125445282900609760538835537892565184848139087096896017528643946 +/- 2.21e-94]",
      "P_double_over_sqrt_mu_log5_interval": "[14299152857314.855212229052138285213357536372470280843226407674108302428119397288703858388926060 +/- 3.27e-82]"
    },
    {
      "mu": "1000",
      "T_upper": "3000000000000",
      "middle_nonempty": false,
      "low_upper": "536447288011360604",
      "middle_upper": "0",
      "tail_Q_upper": "685971564558",
      "tail_b_upper": "10297",
      "P_double_upper": "536447973982935458",
      "P_double_lower": "536447973982935457",
      "global_envelope_upper": "258635455545132345741",
      "P_thmFa_formal_upper": "1373893533723518706",
      "P_thmFa_valid": true,
      "P_paperII_upper": "9273975427886226675080",
      "P_double_over_thmFa_upper": "0.390458183852",
      "P_double_over_paperII_interval": "[5.784444633850032804605001597565958228838526208145156130821700741556184326211005490069563148053e-5 +/- 4.95e-99]",
      "E_refined_over_paperII_interval": "[2.4394812942235579163378803225672120336072851041309410080810012339890054887009639329159204168398e-5 +/- 4.70e-100]",
      "E_simple_over_paperII_interval": "[0.011807859292145065216098223288108009865940439609483567494222426689288725488308204379589739070731 +/- 2.36e-97]",
      "P_double_over_sqrt_mu_log5_interval": "[1078556479749.3460986423837316168234557214580265208718269478492795029258636094134778713264845588 +/- 6.44e-83]"
    },
    {
      "mu": "1000000",
      "T_upper": "248050213442398561404",
      "middle_nonempty": true,
      "low_upper": "5476760596828006941",
      "middle_upper": "47509894170736499163918",
      "tail_Q_upper": "10640233880",
      "tail_b_upper": "1",
      "P_double_upper": "47515370931343967404739",
      "P_double_lower": "47515370931343967404738",
      "global_envelope_upper": "261720679423310081252479",
      "P_thmFa_formal_upper": "21982296539576299290",
      "P_thmFa_valid": false,
      "P_paperII_upper": "1173285871441440802043963615745820",
      "P_double_over_thmFa_upper": "2161.528976092132",
      "P_double_over_paperII_interval": "[4.049769292198919981737805253562152655136311461591107415430938563446912820398572756223184356316e-11 +/- 3.99e-105]",
      "E_refined_over_paperII_interval": "[8.541104193124860893914834426325021899738141586911404502213514409864103030768363617789303257183e-12 +/- 5.21e-106]",
      "E_simple_over_paperII_interval": "[4.7231437168580260864392893152432039463761758437934269976889706757154901953232817518358956282923e-11 +/- 6.96e-106]",
      "P_double_over_sqrt_mu_log5_interval": "[94405963406261.32568699702067158264480164109625020036597594211998768971646025095048335964723197 +/- 6.61e-81]"
    },
    {
      "mu": "1000000000000",
      "T_upper": "248050213442398561403810520536811161618",
      "middle_nonempty": true,
      "low_upper": "66086278989539707352",
      "middle_upper": "257977899272845127654790955",
      "tail_Q_upper": "58",
      "tail_b_upper": "1",
      "P_double_upper": "257977965359124117194498365",
      "P_double_lower": "257977965359124117194498364",
      "global_envelope_upper": "8375061741545922600079322110",
      "P_thmFa_formal_upper": "351716744633220788627",
      "P_thmFa_valid": false,
      "P_paperII_upper": "6209957365349403786059904705547283021952060998370133926",
      "P_double_over_thmFa_upper": "733482.182169490206",
      "P_double_over_paperII_interval": "[4.154263067869049125951214285250689116801077174382872360991612804163765579548339833652200896075e-29 +/- 3.99e-123]",
      "E_refined_over_paperII_interval": "[5.796589183862211754410739688588581433827978859415347190197016871747622359986462124361504827472e-30 +/- 4.99e-124]",
      "E_simple_over_paperII_interval": "[1.8892574867432104345757157260972815785504703375173707990755882702861960781293127007343582513169e-28 +/- 4.89e-123]",
      "P_double_over_sqrt_mu_log5_interval": "[16017618272743.926405235168832103715136767751319152109355251523900818122163226342485973095798671 +/- 9.53e-82]"
    }
  ],
  "status": "New analytic proof candidate; no claim of independent review or formal verification."
}
